// TUI Test Snapshot v1

exports[`Import Jobs Keyboard Navigation › Tab cycles through controls | 1`] = String.raw`
╭────────────────────────────────────────────────────────────────────────────────╮
│┌ PPDS - Power Platform Developer Suite ───────────────────────────────────────┐│
││ File  Tools  Help                                                            ││
││[ 1: Import Jobs [DEV] ] [+]                                                  ││
││┌ Import Jobs ───────────────────────────────────────────────────────────────┐││
│││                                                                            │││
│││                                                                            │││
│││                                                                            │││
│││                                                                            │││
│││                                                                            │││
│││                                                                            │││
│││                                                                            │││
│││                                                                            │││
│││                                                                            │││
│││                                                                            │││
│││                                                                            │││
│││                                                                            │││
│││                                                                            │││
│││                                                                            │││
│││                                                                            │││
│││                                                                            │││
│││                                                                            │││
│││                                                                            │││
│││                                                                            │││
│││                                                                            │││
│││Loading import jobs...                                                      │││
││└────────────────────────────────────────────────────────────────────────────┘││
││                                                                              ││
││                                                                              ││
││ Profile: PPDS (josh@powerplatformdev…    Environment: PPDS Demo - Dev [DEV] ▼││
│└──────────────────────────────────────────────────────────────────────────────┘│
╰────────────────────────────────────────────────────────────────────────────────╯
`;

exports[`Import Jobs Screen › navigates to Import Jobs via Tools menu | 1`] = String.raw`
╭────────────────────────────────────────────────────────────────────────────────╮
│┌ PPDS - Power Platform Developer Suite ───────────────────────────────────────┐│
││ File  Tools  Help                                                            ││
││[ 1: Import Jobs [DEV] ] [+]                                                  ││
││┌ Import Jobs ───────────────────────────────────────────────────────────────┐││
│││                                                                            │││
│││                                                                            │││
│││                                                                            │││
│││                                                                            │││
│││                                                                            │││
│││                                                                            │││
│││                                                                            │││
│││                                                                            │││
│││                                                                            │││
│││                                                                            │││
│││                                                                            │││
│││                                                                            │││
│││                                                                            │││
│││                                                                            │││
│││                                                                            │││
│││                                                                            │││
│││                                                                            │││
│││                                                                            │││
│││                                                                            │││
│││                                                                            │││
│││Loading import jobs...                                                      │││
││└────────────────────────────────────────────────────────────────────────────┘││
││                                                                              ││
││                                                                              ││
││ Profile: PPDS (josh@powerplatformdev…    Environment: PPDS Demo - Dev [DEV] ▼││
│└──────────────────────────────────────────────────────────────────────────────┘│
╰────────────────────────────────────────────────────────────────────────────────╯
`;

