// TUI Test Snapshot v1

exports[`Metadata Browser Keyboard Navigation › Tab cycles through controls | 1`] = String.raw`
╭────────────────────────────────────────────────────────────────────────────────╮
│┌ PPDS - Power Platform Developer Suite ───────────────────────────────────────┐│
││ File  Tools  Help                                                            ││
││[ 1: Metadata [DEV] ] [+]                                                     ││
││┌ Metadata ──────────────────────────────────────────────────────────────────┐││
│││┌ Entities ──────────────┐┌ Details ───────────────────────────────────────┐│││
││││                        ││[ Attributes ] [ Relationships ] [ Keys ] [ Priv││││
││││                        ││[ [New] ] [ [Edit] ] [ [Delete] ]               ││││
││││                        ││                                                ││││
││││                        ││                                                ││││
││││                        ││                                                ││││
││││                        ││                                                ││││
││││                        ││                                                ││││
││││                        ││                                                ││││
││││                        ││                                                ││││
││││                        ││                                                ││││
││││                        ││                                                ││││
││││                        ││                                                ││││
││││                        ││                                                ││││
││││                        ││                                                ││││
││││                        ││                                                ││││
││││                        ││                                                ││││
││││                        ││                                                ││││
││││                        ││                                                ││││
│││└────────────────────────┘└────────────────────────────────────────────────┘│││
│││Loading entities...                                                         │││
││└────────────────────────────────────────────────────────────────────────────┘││
││                                                                              ││
││                                                                              ││
││ Profile: PPDS (josh@powerplatformdev…    Environment: PPDS Demo - Dev [DEV] ▼││
│└──────────────────────────────────────────────────────────────────────────────┘│
╰────────────────────────────────────────────────────────────────────────────────╯
`;

exports[`Metadata Browser Screen › navigates to Metadata Browser via Tools menu | 1`] = String.raw`
╭────────────────────────────────────────────────────────────────────────────────╮
│┌ PPDS - Power Platform Developer Suite ───────────────────────────────────────┐│
││ File  Tools  Help                                                            ││
││[ 1: Metadata [DEV] ] [+]                                                     ││
││┌ Metadata ──────────────────────────────────────────────────────────────────┐││
│││┌ Entities ──────────────┐┌ Details ───────────────────────────────────────┐│││
││││                        ││[ Attributes ] [ Relationships ] [ Keys ] [ Priv││││
││││                        ││[ [New] ] [ [Edit] ] [ [Delete] ]               ││││
││││                        ││                                                ││││
││││                        ││                                                ││││
││││                        ││                                                ││││
││││                        ││                                                ││││
││││                        ││                                                ││││
││││                        ││                                                ││││
││││                        ││                                                ││││
││││                        ││                                                ││││
││││                        ││                                                ││││
││││                        ││                                                ││││
││││                        ││                                                ││││
││││                        ││                                                ││││
││││                        ││                                                ││││
││││                        ││                                                ││││
││││                        ││                                                ││││
││││                        ││                                                ││││
│││└────────────────────────┘└────────────────────────────────────────────────┘│││
│││Loading entities...                                                         │││
││└────────────────────────────────────────────────────────────────────────────┘││
││                                                                              ││
││                                                                              ││
││ Profile: PPDS (josh@powerplatformdev…    Environment: PPDS Demo - Dev [DEV] ▼││
│└──────────────────────────────────────────────────────────────────────────────┘│
╰────────────────────────────────────────────────────────────────────────────────╯
`;

