// TUI Test Snapshot v1

exports[`Plugin Registration Keyboard Navigation › Tab cycles through controls | 1`] = String.raw`
╭────────────────────────────────────────────────────────────────────────────────╮
│┌ PPDS - Power Platform Developer Suite ───────────────────────────────────────┐│
││ File  Tools  Help                                                            ││
││[ 1: Plugin Registration - PPDS Demo - Dev [DEV] ] [+]                        ││
││┌ Plugin Registration - PPDS Demo - Dev ─────────────────────────────────────┐││
│││┌ Registrations ────────────────────────────┐┌ Details ────────────────────┐│││
││││                                           ││Select a node to view details││││
││││                                           ││                             ││││
││││                                           ││                             ││││
││││                                           ││                             ││││
││││                                           ││                             ││││
││││                                           ││                             ││││
││││                                           ││                             ││││
││││                                           ││                             ││││
││││                                           ││                             ││││
││││                                           ││                             ││││
││││                                           ││                             ││││
││││                                           ││                             ││││
││││                                           ││                             ││││
││││                                           ││                             ││││
││││                                           ││                             ││││
││││                                           ││                             ││││
││││                                           ││                             ││││
││││                                           ││                             ││││
│││└───────────────────────────────────────────┘└─────────────────────────────┘│││
│││Loading plugin registrations...                                             │││
││└────────────────────────────────────────────────────────────────────────────┘││
││                                                                              ││
││                                                                              ││
││ Profile: PPDS (josh@powerplatformdev…    Environment: PPDS Demo - Dev [DEV] ▼││
│└──────────────────────────────────────────────────────────────────────────────┘│
╰────────────────────────────────────────────────────────────────────────────────╯
`;

exports[`Plugin Registration Screen › navigates to Plugin Registration via Tools menu | 1`] = String.raw`
╭────────────────────────────────────────────────────────────────────────────────╮
│┌ PPDS - Power Platform Developer Suite ───────────────────────────────────────┐│
││ File  Tools  Help                                                            ││
││[ 1: Plugin Registration - PPDS Demo - Dev [DEV] ] [+]                        ││
││┌ Plugin Registration - PPDS Demo - Dev ─────────────────────────────────────┐││
│││┌ Registrations ────────────────────────────┐┌ Details ────────────────────┐│││
││││                                           ││Select a node to view details││││
││││                                           ││                             ││││
││││                                           ││                             ││││
││││                                           ││                             ││││
││││                                           ││                             ││││
││││                                           ││                             ││││
││││                                           ││                             ││││
││││                                           ││                             ││││
││││                                           ││                             ││││
││││                                           ││                             ││││
││││                                           ││                             ││││
││││                                           ││                             ││││
││││                                           ││                             ││││
││││                                           ││                             ││││
││││                                           ││                             ││││
││││                                           ││                             ││││
││││                                           ││                             ││││
││││                                           ││                             ││││
│││└───────────────────────────────────────────┘└─────────────────────────────┘│││
│││Loading plugin registrations...                                             │││
││└────────────────────────────────────────────────────────────────────────────┘││
││                                                                              ││
││                                                                              ││
││ Profile: PPDS (josh@powerplatformdev…    Environment: PPDS Demo - Dev [DEV] ▼││
│└──────────────────────────────────────────────────────────────────────────────┘│
╰────────────────────────────────────────────────────────────────────────────────╯
`;

