// TUI Test Snapshot v1

exports[`Plugin Traces Keyboard Navigation › Tab cycles through controls | 1`] = String.raw`
╭────────────────────────────────────────────────────────────────────────────────╮
│┌ PPDS - Power Platform Developer Suite ───────────────────────────────────────┐│
││ File  Tools  Help                                                            ││
││[ 1: Plugin Traces [DEV] ] [+]                                                ││
││┌ Plugin Traces ─────────────────────────────────────────────────────────────┐││
│││                                                                            │││
│││                                                                            │││
│││                                                                            │││
│││                                                                            │││
│││                                                                            │││
│││                                                                            │││
│││                                                                            │││
│││                                                                            │││
│││                                                                            │││
│││                                                                            │││
│││                                                                            │││
│││                                                                            │││
│││                                                                            │││
│││                                                                            │││
│││                                                                            │││
│││                                                                            │││
│││                                                                            │││
│││                                                                            │││
│││                                                                            │││
│││                                                                            │││
│││Loading plugin traces...                                                    │││
││└────────────────────────────────────────────────────────────────────────────┘││
││                                                                              ││
││                                                                              ││
││ Profile: PPDS (josh@powerplatformdev…    Environment: PPDS Demo - Dev [DEV] ▼││
│└──────────────────────────────────────────────────────────────────────────────┘│
╰────────────────────────────────────────────────────────────────────────────────╯
`;

exports[`Plugin Traces Screen › navigates to Plugin Traces via Tools menu | 1`] = String.raw`
╭────────────────────────────────────────────────────────────────────────────────╮
│┌ PPDS - Power Platform Developer Suite ───────────────────────────────────────┐│
││ File  Tools  Help                                                            ││
││[ 1: Plugin Traces [DEV] ] [+]                                                ││
││┌ Plugin Traces ─────────────────────────────────────────────────────────────┐││
│││                                                                            │││
│││                                                                            │││
│││                                                                            │││
│││                                                                            │││
│││                                                                            │││
│││                                                                            │││
│││                                                                            │││
│││                                                                            │││
│││                                                                            │││
│││                                                                            │││
│││                                                                            │││
│││                                                                            │││
│││                                                                            │││
│││                                                                            │││
│││                                                                            │││
│││                                                                            │││
│││                                                                            │││
│││                                                                            │││
│││                                                                            │││
│││                                                                            │││
│││Loading plugin traces...                                                    │││
││└────────────────────────────────────────────────────────────────────────────┘││
││                                                                              ││
││                                                                              ││
││ Profile: PPDS (josh@powerplatformdev…    Environment: PPDS Demo - Dev [DEV] ▼││
│└──────────────────────────────────────────────────────────────────────────────┘│
╰────────────────────────────────────────────────────────────────────────────────╯
`;

