// TUI Test Snapshot v1

exports[`Solutions Keyboard Navigation › Tab cycles through controls | 1`] = String.raw`
╭────────────────────────────────────────────────────────────────────────────────╮
│┌ PPDS - Power Platform Developer Suite ───────────────────────────────────────┐│
││ File  Tools  Help                                                            ││
││[ 1: Solutions [DEV] ] [+]                                                    ││
││┌ Solutions ─────────────────────────────────────────────────────────────────┐││
│││┌ Filter ──────────────────────────────────────────────────────────────────┐│││
││││                                                       √ Include Managed  ││││
│││└──────────────────────────────────────────────────────────────────────────┘│││
│││                                                                            │││
│││                                                                            │││
│││                                                                            │││
│││                                                                            │││
│││                                                                            │││
│││                                                                            │││
│││                                                                            │││
│││                                                                            │││
│││                                                                            │││
│││                                                                            │││
│││                                                                            │││
│││                                                                            │││
│││                                                                            │││
│││                                                                            │││
│││                                                                            │││
│││                                                                            │││
│││                                                                            │││
│││Loading solutions...                                                        │││
││└────────────────────────────────────────────────────────────────────────────┘││
││                                                                              ││
││                                                                              ││
││ Profile: PPDS (josh@powerplatformdev…    Environment: PPDS Demo - Dev [DEV] ▼││
│└──────────────────────────────────────────────────────────────────────────────┘│
╰────────────────────────────────────────────────────────────────────────────────╯
`;

exports[`Solutions Screen › navigates to Solutions via Tools menu | 1`] = String.raw`
╭────────────────────────────────────────────────────────────────────────────────╮
│┌ PPDS - Power Platform Developer Suite ───────────────────────────────────────┐│
││ File  Tools  Help                                                            ││
││[ 1: Solutions [DEV] ] [+]                                                    ││
││┌ Solutions ─────────────────────────────────────────────────────────────────┐││
│││┌ Filter ──────────────────────────────────────────────────────────────────┐│││
││││                                                       √ Include Managed  ││││
│││└──────────────────────────────────────────────────────────────────────────┘│││
│││                                                                            │││
│││                                                                            │││
│││                                                                            │││
│││                                                                            │││
│││                                                                            │││
│││                                                                            │││
│││                                                                            │││
│││                                                                            │││
│││                                                                            │││
│││                                                                            │││
│││                                                                            │││
│││                                                                            │││
│││                                                                            │││
│││                                                                            │││
│││                                                                            │││
│││                                                                            │││
│││                                                                            │││
│││Loading solutions...                                                        │││
││└────────────────────────────────────────────────────────────────────────────┘││
││                                                                              ││
││                                                                              ││
││ Profile: PPDS (josh@powerplatformdev…    Environment: PPDS Demo - Dev [DEV] ▼││
│└──────────────────────────────────────────────────────────────────────────────┘│
╰────────────────────────────────────────────────────────────────────────────────╯
`;

